

================================================================
== Vivado HLS Report for 'fir'
================================================================
* Date:           Sun Nov 21 11:48:23 2021

* Version:        2018.3 (Build 2405991 on Thu Dec 06 23:56:15 MST 2018)
* Project:        firExample.prj
* Solution:       solution1
* Product family: aartix7
* Target device:  xa7a12tcsg325-1q


================================================================
== Performance Estimates
================================================================
+ Timing (ns): 
    * Summary: 
    +--------+-------+----------+------------+
    |  Clock | Target| Estimated| Uncertainty|
    +--------+-------+----------+------------+
    |ap_clk  |  10.00|     8.470|        1.25|
    +--------+-------+----------+------------+

+ Latency (clock cycles): 
    * Summary: 
    +-----+-----+-----+-----+---------+
    |  Latency  |  Interval | Pipeline|
    | min | max | min | max |   Type  |
    +-----+-----+-----+-----+---------+
    |    2|    2|    2|    2|   none  |
    +-----+-----+-----+-----+---------+

    + Detail: 
        * Instance: 
        N/A

        * Loop: 
        N/A



================================================================
== Utilization Estimates
================================================================
* Summary: 
+-----------------+---------+-------+-------+------+
|       Name      | BRAM_18K| DSP48E|   FF  |  LUT |
+-----------------+---------+-------+-------+------+
|DSP              |        -|      -|      -|     -|
|Expression       |        -|     14|      0|   353|
|FIFO             |        -|      -|      -|     -|
|Instance         |        -|      -|      -|     -|
|Memory           |        -|      -|      -|     -|
|Multiplexer      |        -|      -|      -|    21|
|Register         |        -|      -|    609|     -|
+-----------------+---------+-------+-------+------+
|Total            |        0|     14|    609|   374|
+-----------------+---------+-------+-------+------+
|Available        |       40|     40|  16000|  8000|
+-----------------+---------+-------+-------+------+
|Utilization (%)  |        0|     35|      3|     4|
+-----------------+---------+-------+-------+------+

+ Detail: 
    * Instance: 
    N/A

    * DSP48: 
    N/A

    * Memory: 
    N/A

    * FIFO: 
    N/A

    * Expression: 
    +-------------------+----------+-------+---+----+------------+------------+
    |   Variable Name   | Operation| DSP48E| FF| LUT| Bitwidth P0| Bitwidth P1|
    +-------------------+----------+-------+---+----+------------+------------+
    |tmp_4_2_fu_159_p2  |     *    |      2|  0|  21|          32|           8|
    |tmp_4_4_fu_185_p2  |     *    |      2|  0|  21|          32|           9|
    |tmp_4_5_fu_59_p2   |     *    |      2|  0|  21|          32|           9|
    |tmp_4_6_fu_75_p2   |     *    |      2|  0|  21|          32|           9|
    |tmp_4_8_fu_101_p2  |     *    |      2|  0|  21|          32|           8|
    |tmp_4_fu_133_p2    |     *    |      2|  0|  21|          32|           6|
    |tmp_6_fu_117_p2    |     *    |      2|  0|  21|          32|           6|
    |tmp1_fu_210_p2     |     +    |      0|  0|  39|          32|          32|
    |tmp2_fu_204_p2     |     +    |      0|  0|  32|          32|          32|
    |tmp3_fu_196_p2     |     +    |      0|  0|  32|          32|          32|
    |tmp4_fu_200_p2     |     +    |      0|  0|  39|          32|          32|
    |tmp_fu_214_p2      |     +    |      0|  0|  32|          32|          32|
    |y                  |     +    |      0|  0|  32|          32|          32|
    +-------------------+----------+-------+---+----+------------+------------+
    |Total              |          |     14|  0| 353|         416|         247|
    +-------------------+----------+-------+---+----+------------+------------+

    * Multiplexer: 
    +-----------+----+-----------+-----+-----------+
    |    Name   | LUT| Input Size| Bits| Total Bits|
    +-----------+----+-----------+-----+-----------+
    |ap_NS_fsm  |  21|          4|    1|          4|
    +-----------+----+-----------+-----+-----------+
    |Total      |  21|          4|    1|          4|
    +-----------+----+-----------+-----+-----------+

    * Register: 
    +--------------------------+----+----+-----+-----------+
    |           Name           | FF | LUT| Bits| Const Bits|
    +--------------------------+----+----+-----+-----------+
    |ap_CS_fsm                 |   3|   0|    3|          0|
    |shift_reg_0               |  32|   0|   32|          0|
    |shift_reg_1               |  32|   0|   32|          0|
    |shift_reg_2               |  32|   0|   32|          0|
    |shift_reg_3               |  32|   0|   32|          0|
    |shift_reg_4               |  32|   0|   32|          0|
    |shift_reg_4_load_reg_225  |  32|   0|   32|          0|
    |shift_reg_5               |  32|   0|   32|          0|
    |shift_reg_6               |  32|   0|   32|          0|
    |shift_reg_7               |  32|   0|   32|          0|
    |shift_reg_8               |  32|   0|   32|          0|
    |shift_reg_9               |  32|   0|   32|          0|
    |tmp2_reg_265              |  32|   0|   32|          0|
    |tmp_4_2_reg_255           |  32|   0|   32|          0|
    |tmp_4_4_reg_260           |  32|   0|   32|          0|
    |tmp_4_5_reg_230           |  30|   0|   32|          2|
    |tmp_4_6_reg_235           |  32|   0|   32|          0|
    |tmp_4_8_reg_240           |  32|   0|   32|          0|
    |tmp_4_reg_250             |  32|   0|   32|          0|
    |tmp_6_reg_245             |  32|   0|   32|          0|
    +--------------------------+----+----+-----+-----------+
    |Total                     | 609|   0|  611|          2|
    +--------------------------+----+----+-----+-----------+



================================================================
== Interface
================================================================
* Summary: 
+----------+-----+-----+------------+--------------+--------------+
| RTL Ports| Dir | Bits|  Protocol  | Source Object|    C Type    |
+----------+-----+-----+------------+--------------+--------------+
|ap_clk    |  in |    1| ap_ctrl_hs |      fir     | return value |
|ap_rst    |  in |    1| ap_ctrl_hs |      fir     | return value |
|ap_start  |  in |    1| ap_ctrl_hs |      fir     | return value |
|ap_done   | out |    1| ap_ctrl_hs |      fir     | return value |
|ap_idle   | out |    1| ap_ctrl_hs |      fir     | return value |
|ap_ready  | out |    1| ap_ctrl_hs |      fir     | return value |
|y         | out |   32|   ap_vld   |       y      |    pointer   |
|y_ap_vld  | out |    1|   ap_vld   |       y      |    pointer   |
|x         |  in |   32|   ap_none  |       x      |    scalar    |
+----------+-----+-----+------------+--------------+--------------+

